#-----------------------------------------------------------
# PlanAhead v14.7 (64-bit)
# Build 321239 by xbuild on Fri Sep 27 19:24:36 MDT 2013
# Start of session at: Fri Aug 16 20:18:15 2024
# Process ID: 16756
# Log file: /home/whyzotee/Desktop/Lab6/planAhead_run_1/planAhead.log
# Journal file: /home/whyzotee/Desktop/Lab6/planAhead_run_1/planAhead.jou
#-----------------------------------------------------------
start_gui
source /home/whyzotee/Desktop/Lab6/pa.fromHdl.tcl
update_compile_order -fileset sim_1
startgroup
set_property package_pin P27 [get_ports P27]
endgroup
startgroup
set_property package_pin P29 [get_ports P29]
endgroup
startgroup
set_property package_pin P30 [get_ports P30]
endgroup
startgroup
set_property package_pin P32 [get_ports P32]
endgroup
startgroup
set_property package_pin P33 [get_ports P33]
endgroup
startgroup
set_property package_pin P34 [get_ports P34]
endgroup
startgroup
set_property package_pin P35 [get_ports P35]
endgroup
startgroup
set_property package_pin P40 [get_ports P40]
endgroup
startgroup
set_property package_pin P41 [get_ports P41]
endgroup
startgroup
set_property package_pin P43 [get_ports P43]
endgroup
startgroup
set_property package_pin P44 [get_ports P44]
endgroup
startgroup
set_property package_pin P123 [get_ports P123]
endgroup
startgroup
set_property package_pin P45 [get_ports PB1_P45]
endgroup
save_constraints
