--------------------------------------------------------------------------------
Release 14.7 Trace  (lin64)
Copyright (c) 1995-2013 Xilinx, Inc.  All rights reserved.

/opt/Xilinx/14.7/ISE_DS/ISE/bin/lin64/unwrapped/trce -intstyle ise -v 3 -s 3 -n
3 -fastpaths -xml Lab6.twx Lab6.ncd -o Lab6.twr Lab6.pcf -ucf Lab6.ucf

Design file:              Lab6.ncd
Physical constraint file: Lab6.pcf
Device,package,speed:     xc6slx9,tqg144,C,-3 (PRODUCTION 1.23 2013-10-13)
Report level:             verbose report

Environment Variable      Effect 
--------------------      ------ 
NONE                      No environment variables were set
--------------------------------------------------------------------------------

INFO:Timing:2698 - No timing constraints found, doing default enumeration.
INFO:Timing:3412 - To improve timing, see the Timing Closure User Guide (UG612).
INFO:Timing:2752 - To get complete path coverage, use the unconstrained paths 
   option. All paths that are not constrained will be reported in the 
   unconstrained paths section(s) of the report.
INFO:Timing:3339 - The clock-to-out numbers in this timing report are based on 
   a 50 Ohm transmission line loading model.  For the details of this model, 
   and for more information on accounting for different loading conditions, 
   please see the device datasheet.



Data Sheet report:
-----------------
All values displayed in nanoseconds (ns)

Clock PB1_P45 to Pad
------------+-----------------+------------+-----------------+------------+------------------+--------+
            |Max (slowest) clk|  Process   |Min (fastest) clk|  Process   |                  | Clock  |
Destination |  (edge) to PAD  |   Corner   |  (edge) to PAD  |   Corner   |Internal Clock(s) | Phase  |
------------+-----------------+------------+-----------------+------------+------------------+--------+
P27         |        10.251(R)|      SLOW  |         5.739(R)|      FAST  |XLXN_416          |   0.000|
P29         |        10.339(R)|      SLOW  |         5.711(R)|      FAST  |XLXN_416          |   0.000|
P32         |         9.776(R)|      SLOW  |         5.293(R)|      FAST  |XLXN_416          |   0.000|
P34         |         9.908(R)|      SLOW  |         5.390(R)|      FAST  |XLXN_416          |   0.000|
P35         |         9.886(R)|      SLOW  |         5.216(R)|      FAST  |XLXN_416          |   0.000|
P40         |        10.284(R)|      SLOW  |         5.431(R)|      FAST  |XLXN_416          |   0.000|
P41         |         9.989(R)|      SLOW  |         5.391(R)|      FAST  |XLXN_416          |   0.000|
P67         |        11.147(R)|      SLOW  |         5.552(R)|      FAST  |XLXN_416          |   0.000|
P74         |        10.925(R)|      SLOW  |         5.498(R)|      FAST  |XLXN_416          |   0.000|
P75         |        11.230(R)|      SLOW  |         5.554(R)|      FAST  |XLXN_416          |   0.000|
P78         |        11.996(R)|      SLOW  |         6.068(R)|      FAST  |XLXN_416          |   0.000|
------------+-----------------+------------+-----------------+------------+------------------+--------+

Clock to Setup on destination clock P123
---------------+---------+---------+---------+---------+
               | Src:Rise| Src:Fall| Src:Rise| Src:Fall|
Source Clock   |Dest:Rise|Dest:Rise|Dest:Fall|Dest:Fall|
---------------+---------+---------+---------+---------+
P123           |    0.911|         |         |         |
---------------+---------+---------+---------+---------+

Clock to Setup on destination clock PB1_P45
---------------+---------+---------+---------+---------+
               | Src:Rise| Src:Fall| Src:Rise| Src:Fall|
Source Clock   |Dest:Rise|Dest:Rise|Dest:Fall|Dest:Fall|
---------------+---------+---------+---------+---------+
PB1_P45        |    1.720|         |         |         |
---------------+---------+---------+---------+---------+

Pad to Pad
---------------+---------------+---------+
Source Pad     |Destination Pad|  Delay  |
---------------+---------------+---------+
PB1_P45        |P67            |    9.144|
PB1_P45        |P74            |    8.922|
PB1_P45        |P75            |    9.227|
PB1_P45        |P78            |    9.993|
---------------+---------------+---------+


Analysis completed Sat Aug 17 23:10:28 2024 
--------------------------------------------------------------------------------

Trace Settings:
-------------------------
Trace Settings 

Peak Memory Usage: 375 MB



